// Jest Snapshot v1, https://goo.gl/fbAQLP

exports[`DownloadStudents should render component 1`] = `
HTMLCollection [
  <div
    class="container pt-5"
  >
    <div
      class="row justify-content-center"
    >
      <div
        class="w-100 card shadow p-4 ml-2 mr-2"
      >
        <div
          class="px-2 py-4"
        >
          <h3>
            Upload Student('s)
          </h3>
          <hr />
          <form
            action="#"
          >
            <div
              class="row m-0 pt-3"
            >
              <div
                class="col-md-4 font-weight-bolder"
              >
                <label
                  for="groupsInput"
                >
                  Group:
                </label>
              </div>
              <div
                class="col-md-8"
              >
                <select
                  class="custom-select"
                  id="groupsInput"
                  name="groupId"
                />
              </div>
            </div>
            <div
              class="row m-0 pt-3"
            >
              <div
                class="col-md-4 font-weight-bolder pt-3"
              >
                <label
                  for="file"
                >
                  Student('s):
                </label>
              </div>
              <div
                class="col-md-8"
              >
                <input
                  accept=".xlsx"
                  class="form-control"
                  hidden=""
                  id="actual-btn"
                  name="students"
                  type="file"
                />
                <label
                  class="mr-2 col-md-6"
                  for="actual-btn"
                >
                  Choose File
                </label>
                <span
                  class="font-weight-bolder"
                />
              </div>
            </div>
            <div
              class="row justify-content-end px-4"
            >
              <button
                class="btn btn-info w-25"
                disabled=""
                type="submit"
              >
                Send
              </button>
            </div>
          </form>
        </div>
      </div>
    </div>
  </div>,
]
`;
